[15:50:14] TURBINE 1: preparing unchanged 168h context and 48h targets
[15:50:14]   Feature windows 1/4197 (0%)
[15:50:15]   Feature windows 501/4197 (12%)
[15:50:17]   Feature windows 1001/4197 (24%)
[15:50:18]   Feature windows 1501/4197 (36%)
[15:50:19]   Feature windows 2001/4197 (48%)
[15:50:20]   Feature windows 2501/4197 (60%)
[15:50:22]   Feature windows 3001/4197 (72%)
[15:50:23]   Feature windows 3501/4197 (83%)
[15:50:24]   Feature windows 4001/4197 (95%)
[15:50:25]   Feature windows complete; skipped 252 insufficient-context/target windows
[15:50:28] 1/96 (1%) | turbine 1, horizon 01 | 316 trees | Dec RMSE 0.1313 | 3.0s (selection + evaluation + production fits)
[15:50:31] 2/96 (2%) | turbine 1, horizon 02 | 290 trees | Dec RMSE 0.2189 | 2.7s (selection + evaluation + production fits)
[15:50:33] 3/96 (3%) | turbine 1, horizon 03 | 203 trees | Dec RMSE 0.2753 | 2.0s (selection + evaluation + production fits)
[15:50:34] 4/96 (4%) | turbine 1, horizon 04 | 80 trees | Dec RMSE 0.3198 | 1.0s (selection + evaluation + production fits)
[15:50:35] 5/96 (5%) | turbine 1, horizon 05 | 59 trees | Dec RMSE 0.3504 | 0.8s (selection + evaluation + production fits)
[15:50:39] 6/96 (6%) | turbine 1, horizon 06 | 427 trees | Dec RMSE 0.3652 | 3.9s (selection + evaluation + production fits)
[15:50:42] 7/96 (7%) | turbine 1, horizon 07 | 403 trees | Dec RMSE 0.3656 | 3.7s (selection + evaluation + production fits)
[15:50:45] 8/96 (8%) | turbine 1, horizon 08 | 309 trees | Dec RMSE 0.3609 | 2.9s (selection + evaluation + production fits)
[15:50:47] 9/96 (9%) | turbine 1, horizon 09 | 124 trees | Dec RMSE 0.3722 | 1.3s (selection + evaluation + production fits)
[15:50:49] 10/96 (10%) | turbine 1, horizon 10 | 287 trees | Dec RMSE 0.3613 | 2.7s (selection + evaluation + production fits)
[15:50:51] 11/96 (11%) | turbine 1, horizon 11 | 209 trees | Dec RMSE 0.3688 | 2.0s (selection + evaluation + production fits)
[15:50:53] 12/96 (12%) | turbine 1, horizon 12 | 119 trees | Dec RMSE 0.3861 | 1.3s (selection + evaluation + production fits)
[15:50:54] 13/96 (14%) | turbine 1, horizon 13 | 93 trees | Dec RMSE 0.3740 | 1.1s (selection + evaluation + production fits)
[15:50:55] 14/96 (15%) | turbine 1, horizon 14 | 90 trees | Dec RMSE 0.3668 | 1.1s (selection + evaluation + production fits)
[15:50:56] 15/96 (16%) | turbine 1, horizon 15 | 99 trees | Dec RMSE 0.3693 | 1.1s (selection + evaluation + production fits)
[15:50:58] 16/96 (17%) | turbine 1, horizon 16 | 147 trees | Dec RMSE 0.3658 | 1.5s (selection + evaluation + production fits)
[15:50:59] 17/96 (18%) | turbine 1, horizon 17 | 103 trees | Dec RMSE 0.3765 | 1.2s (selection + evaluation + production fits)
[15:51:00] 18/96 (19%) | turbine 1, horizon 18 | 151 trees | Dec RMSE 0.3885 | 1.6s (selection + evaluation + production fits)
[15:51:01] 19/96 (20%) | turbine 1, horizon 19 | 105 trees | Dec RMSE 0.3767 | 1.2s (selection + evaluation + production fits)
[15:51:02] 20/96 (21%) | turbine 1, horizon 20 | 70 trees | Dec RMSE 0.3648 | 0.9s (selection + evaluation + production fits)
[15:51:03] 21/96 (22%) | turbine 1, horizon 21 | 80 trees | Dec RMSE 0.3663 | 1.0s (selection + evaluation + production fits)
[15:51:04] 22/96 (23%) | turbine 1, horizon 22 | 102 trees | Dec RMSE 0.3676 | 1.2s (selection + evaluation + production fits)
[15:51:06] 23/96 (24%) | turbine 1, horizon 23 | 141 trees | Dec RMSE 0.3740 | 1.5s (selection + evaluation + production fits)
[15:51:09] 24/96 (25%) | turbine 1, horizon 24 | 268 trees | Dec RMSE 0.3875 | 2.5s (selection + evaluation + production fits)
[15:51:11] 25/96 (26%) | turbine 1, horizon 25 | 225 trees | Dec RMSE 0.3707 | 2.2s (selection + evaluation + production fits)
[15:51:12] 26/96 (27%) | turbine 1, horizon 26 | 100 trees | Dec RMSE 0.3591 | 1.2s (selection + evaluation + production fits)
[15:51:15] 27/96 (28%) | turbine 1, horizon 27 | 337 trees | Dec RMSE 0.3539 | 3.1s (selection + evaluation + production fits)
[15:51:17] 28/96 (29%) | turbine 1, horizon 28 | 158 trees | Dec RMSE 0.3641 | 1.6s (selection + evaluation + production fits)
[15:51:19] 29/96 (30%) | turbine 1, horizon 29 | 229 trees | Dec RMSE 0.3725 | 2.2s (selection + evaluation + production fits)
[15:51:20] 30/96 (31%) | turbine 1, horizon 30 | 87 trees | Dec RMSE 0.3965 | 1.0s (selection + evaluation + production fits)
[15:51:22] 31/96 (32%) | turbine 1, horizon 31 | 160 trees | Dec RMSE 0.3749 | 1.6s (selection + evaluation + production fits)
[15:51:23] 32/96 (33%) | turbine 1, horizon 32 | 154 trees | Dec RMSE 0.3581 | 1.6s (selection + evaluation + production fits)
[15:51:25] 33/96 (34%) | turbine 1, horizon 33 | 158 trees | Dec RMSE 0.3626 | 1.6s (selection + evaluation + production fits)
[15:51:26] 34/96 (35%) | turbine 1, horizon 34 | 84 trees | Dec RMSE 0.3694 | 1.0s (selection + evaluation + production fits)
[15:51:27] 35/96 (36%) | turbine 1, horizon 35 | 90 trees | Dec RMSE 0.3794 | 1.1s (selection + evaluation + production fits)
[15:51:29] 36/96 (38%) | turbine 1, horizon 36 | 179 trees | Dec RMSE 0.3913 | 1.8s (selection + evaluation + production fits)
[15:51:34] 37/96 (39%) | turbine 1, horizon 37 | 576 trees | Dec RMSE 0.3694 | 5.1s (selection + evaluation + production fits)
[15:51:36] 38/96 (40%) | turbine 1, horizon 38 | 192 trees | Dec RMSE 0.3584 | 1.9s (selection + evaluation + production fits)
[15:51:38] 39/96 (41%) | turbine 1, horizon 39 | 187 trees | Dec RMSE 0.3651 | 1.9s (selection + evaluation + production fits)
[15:51:38] 40/96 (42%) | turbine 1, horizon 40 | 50 trees | Dec RMSE 0.3679 | 0.7s (selection + evaluation + production fits)
[15:51:39] 41/96 (43%) | turbine 1, horizon 41 | 69 trees | Dec RMSE 0.3793 | 0.9s (selection + evaluation + production fits)
[15:51:41] 42/96 (44%) | turbine 1, horizon 42 | 178 trees | Dec RMSE 0.3932 | 1.8s (selection + evaluation + production fits)
[15:51:42] 43/96 (45%) | turbine 1, horizon 43 | 118 trees | Dec RMSE 0.3792 | 1.3s (selection + evaluation + production fits)
[15:51:43] 44/96 (46%) | turbine 1, horizon 44 | 96 trees | Dec RMSE 0.3622 | 1.1s (selection + evaluation + production fits)
[15:51:45] 45/96 (47%) | turbine 1, horizon 45 | 102 trees | Dec RMSE 0.3675 | 1.2s (selection + evaluation + production fits)
[15:51:45] 46/96 (48%) | turbine 1, horizon 46 | 64 trees | Dec RMSE 0.3734 | 0.8s (selection + evaluation + production fits)
[15:51:47] 47/96 (49%) | turbine 1, horizon 47 | 111 trees | Dec RMSE 0.3816 | 1.2s (selection + evaluation + production fits)
[15:51:50] 48/96 (50%) | turbine 1, horizon 48 | 398 trees | Dec RMSE 0.3929 | 3.6s (selection + evaluation + production fits)
[15:51:52] TURBINE 1: January comparison
 turbine_id           model horizon    n      mae     rmse
          1        catboost      1h   30 0.187946 0.213141
          1        catboost    1-6h  180 0.225660 0.259140
          1        catboost   1-48h 1440 0.311916 0.349189
          1 catboost_direct      1h   30 0.101540 0.153971
          1 catboost_direct    1-6h  180 0.183696 0.241514
          1 catboost_direct   1-48h 1440 0.301430 0.343737
[15:51:52] TURBINE 2: preparing unchanged 168h context and 48h targets
[15:51:52]   Feature windows 1/4197 (0%)
[15:51:53]   Feature windows 501/4197 (12%)
[15:51:55]   Feature windows 1001/4197 (24%)
[15:51:56]   Feature windows 1501/4197 (36%)
[15:51:58]   Feature windows 2001/4197 (48%)
[15:51:59]   Feature windows 2501/4197 (60%)
[15:52:01]   Feature windows 3001/4197 (72%)
[15:52:02]   Feature windows 3501/4197 (83%)
[15:52:03]   Feature windows 4001/4197 (95%)
[15:52:04]   Feature windows complete; skipped 17 insufficient-context/target windows
[15:52:11] 49/96 (51%) | turbine 2, horizon 01 | 713 trees | Dec RMSE 0.1475 | 6.3s (selection + evaluation + production fits)
[15:52:14] 50/96 (52%) | turbine 2, horizon 02 | 292 trees | Dec RMSE 0.2245 | 2.8s (selection + evaluation + production fits)
[15:52:19] 51/96 (53%) | turbine 2, horizon 03 | 582 trees | Dec RMSE 0.2755 | 5.2s (selection + evaluation + production fits)
[15:52:22] 52/96 (54%) | turbine 2, horizon 04 | 405 trees | Dec RMSE 0.3098 | 3.7s (selection + evaluation + production fits)
[15:52:23] 53/96 (55%) | turbine 2, horizon 05 | 44 trees | Dec RMSE 0.3444 | 0.7s (selection + evaluation + production fits)
[15:52:25] 54/96 (56%) | turbine 2, horizon 06 | 227 trees | Dec RMSE 0.3638 | 2.2s (selection + evaluation + production fits)
[15:52:28] 55/96 (57%) | turbine 2, horizon 07 | 259 trees | Dec RMSE 0.3672 | 2.5s (selection + evaluation + production fits)
[15:52:29] 56/96 (58%) | turbine 2, horizon 08 | 67 trees | Dec RMSE 0.3599 | 0.9s (selection + evaluation + production fits)
[15:52:31] 57/96 (59%) | turbine 2, horizon 09 | 210 trees | Dec RMSE 0.3605 | 2.1s (selection + evaluation + production fits)
[15:52:32] 58/96 (60%) | turbine 2, horizon 10 | 65 trees | Dec RMSE 0.3575 | 0.9s (selection + evaluation + production fits)
[15:52:32] 59/96 (61%) | turbine 2, horizon 11 | 52 trees | Dec RMSE 0.3688 | 0.7s (selection + evaluation + production fits)
[15:52:34] 60/96 (62%) | turbine 2, horizon 12 | 101 trees | Dec RMSE 0.3862 | 1.2s (selection + evaluation + production fits)
[15:52:35] 61/96 (64%) | turbine 2, horizon 13 | 109 trees | Dec RMSE 0.3748 | 1.2s (selection + evaluation + production fits)
[15:52:36] 62/96 (65%) | turbine 2, horizon 14 | 79 trees | Dec RMSE 0.3611 | 1.0s (selection + evaluation + production fits)
[15:52:37] 63/96 (66%) | turbine 2, horizon 15 | 143 trees | Dec RMSE 0.3600 | 1.5s (selection + evaluation + production fits)
[15:52:39] 64/96 (67%) | turbine 2, horizon 16 | 123 trees | Dec RMSE 0.3575 | 1.3s (selection + evaluation + production fits)
[15:52:40] 65/96 (68%) | turbine 2, horizon 17 | 80 trees | Dec RMSE 0.3721 | 1.0s (selection + evaluation + production fits)
[15:52:40] 66/96 (69%) | turbine 2, horizon 18 | 57 trees | Dec RMSE 0.3879 | 0.8s (selection + evaluation + production fits)
[15:52:41] 67/96 (70%) | turbine 2, horizon 19 | 84 trees | Dec RMSE 0.3763 | 1.0s (selection + evaluation + production fits)
[15:52:43] 68/96 (71%) | turbine 2, horizon 20 | 137 trees | Dec RMSE 0.3606 | 1.5s (selection + evaluation + production fits)
[15:52:44] 69/96 (72%) | turbine 2, horizon 21 | 150 trees | Dec RMSE 0.3553 | 1.6s (selection + evaluation + production fits)
[15:52:45] 70/96 (73%) | turbine 2, horizon 22 | 55 trees | Dec RMSE 0.3636 | 0.8s (selection + evaluation + production fits)
[15:52:46] 71/96 (74%) | turbine 2, horizon 23 | 46 trees | Dec RMSE 0.3715 | 0.7s (selection + evaluation + production fits)
[15:52:47] 72/96 (75%) | turbine 2, horizon 24 | 77 trees | Dec RMSE 0.3873 | 1.0s (selection + evaluation + production fits)
[15:52:48] 73/96 (76%) | turbine 2, horizon 25 | 102 trees | Dec RMSE 0.3749 | 1.2s (selection + evaluation + production fits)
[15:52:49] 74/96 (77%) | turbine 2, horizon 26 | 96 trees | Dec RMSE 0.3561 | 1.1s (selection + evaluation + production fits)
[15:52:51] 75/96 (78%) | turbine 2, horizon 27 | 122 trees | Dec RMSE 0.3552 | 1.3s (selection + evaluation + production fits)
[15:52:51] 76/96 (79%) | turbine 2, horizon 28 | 54 trees | Dec RMSE 0.3612 | 0.8s (selection + evaluation + production fits)
[15:52:52] 77/96 (80%) | turbine 2, horizon 29 | 47 trees | Dec RMSE 0.3705 | 0.7s (selection + evaluation + production fits)
[15:52:53] 78/96 (81%) | turbine 2, horizon 30 | 98 trees | Dec RMSE 0.3877 | 1.1s (selection + evaluation + production fits)
[15:52:56] 79/96 (82%) | turbine 2, horizon 31 | 256 trees | Dec RMSE 0.3715 | 2.5s (selection + evaluation + production fits)
[15:52:57] 80/96 (83%) | turbine 2, horizon 32 | 90 trees | Dec RMSE 0.3580 | 1.1s (selection + evaluation + production fits)
[15:52:58] 81/96 (84%) | turbine 2, horizon 33 | 106 trees | Dec RMSE 0.3571 | 1.2s (selection + evaluation + production fits)
[15:52:59] 82/96 (85%) | turbine 2, horizon 34 | 65 trees | Dec RMSE 0.3642 | 0.9s (selection + evaluation + production fits)
[15:53:00] 83/96 (86%) | turbine 2, horizon 35 | 55 trees | Dec RMSE 0.3718 | 0.8s (selection + evaluation + production fits)
[15:53:00] 84/96 (88%) | turbine 2, horizon 36 | 53 trees | Dec RMSE 0.3902 | 0.8s (selection + evaluation + production fits)
[15:53:02] 85/96 (89%) | turbine 2, horizon 37 | 200 trees | Dec RMSE 0.3751 | 2.0s (selection + evaluation + production fits)
[15:53:03] 86/96 (90%) | turbine 2, horizon 38 | 66 trees | Dec RMSE 0.3574 | 0.9s (selection + evaluation + production fits)
[15:53:05] 87/96 (91%) | turbine 2, horizon 39 | 138 trees | Dec RMSE 0.3586 | 1.5s (selection + evaluation + production fits)
[15:53:05] 88/96 (92%) | turbine 2, horizon 40 | 56 trees | Dec RMSE 0.3668 | 0.8s (selection + evaluation + production fits)
[15:53:06] 89/96 (93%) | turbine 2, horizon 41 | 74 trees | Dec RMSE 0.3725 | 0.9s (selection + evaluation + production fits)
[15:53:08] 90/96 (94%) | turbine 2, horizon 42 | 103 trees | Dec RMSE 0.3892 | 1.2s (selection + evaluation + production fits)
[15:53:10] 91/96 (95%) | turbine 2, horizon 43 | 198 trees | Dec RMSE 0.3761 | 2.0s (selection + evaluation + production fits)
[15:53:10] 92/96 (96%) | turbine 2, horizon 44 | 70 trees | Dec RMSE 0.3594 | 0.9s (selection + evaluation + production fits)
[15:53:11] 93/96 (97%) | turbine 2, horizon 45 | 67 trees | Dec RMSE 0.3609 | 1.0s (selection + evaluation + production fits)
[15:53:13] 94/96 (98%) | turbine 2, horizon 46 | 126 trees | Dec RMSE 0.3662 | 1.5s (selection + evaluation + production fits)
[15:53:14] 95/96 (99%) | turbine 2, horizon 47 | 44 trees | Dec RMSE 0.3749 | 0.7s (selection + evaluation + production fits)
[15:53:15] 96/96 (100%) | turbine 2, horizon 48 | 98 trees | Dec RMSE 0.3882 | 1.1s (selection + evaluation + production fits)
[15:53:16] TURBINE 2: January comparison
 turbine_id           model horizon    n      mae     rmse
          2        catboost      1h   30 0.196080 0.223614
          2        catboost    1-6h  180 0.228645 0.265174
          2        catboost   1-48h 1440 0.312586 0.351561
          2 catboost_direct      1h   30 0.097258 0.155275
          2 catboost_direct    1-6h  180 0.188653 0.250019
          2 catboost_direct   1-48h 1440 0.297360 0.339614
[15:53:16] COMPLETE: 96 direct production models saved, elapsed 182.7s
