[16:33:13] LOCAL DATA ONLY. Recorded future weather is an oracle input, not a weather forecast.
[16:33:13] Historical power features enabled: False
[16:33:13] TURBINE 1/2: preparing one shared model for all 48 horizons
[16:33:14]   80 features; 175690 train rows, 5600 validation rows
[16:33:14]   [1/3] Tree-count selection on December 2025
0:	learn: 0.3455088	test: 0.3764554	best: 0.3764554 (0)	total: 86.8ms	remaining: 1m 9s
100:	learn: 0.0556605	test: 0.0559390	best: 0.0558407 (97)	total: 2.37s	remaining: 16.4s
Stopped by overfitting detector  (100 iterations wait)

bestTest = 0.05584074031
bestIteration = 97

Shrink model to first 98 iterations.
[16:33:18]   [2/3] Evaluation refit before January: 98 trees
0:	learn: 0.3463724	total: 27.1ms	remaining: 2.63s
97:	learn: 0.0556111	total: 2.31s	remaining: 0us
[16:33:20]   [3/3] Final offline refit through January 31
0:	learn: 0.3458627	total: 28.7ms	remaining: 2.79s
97:	learn: 0.0556639	total: 2.38s	remaining: 0us
[16:33:23]   January results:
 turbine_id                             model horizon    n      mae     rmse
          1                          catboost   1-48h 1440 0.311916 0.349189
          1           catboost_direct_missing   1-48h 1440 0.303481 0.346286
          1 catboost_weather_context_no_power   1-48h 1440 0.027007 0.050716
          1           catboost_weather_oracle   1-48h 1440 0.027368 0.050430
          1                      context_mean   1-48h 1440 0.295151 0.348842
          1                       persistence   1-48h 1440 0.334498 0.457998
[16:33:23] TURBINE 2/2: preparing one shared model for all 48 horizons
[16:33:23]   80 features; 185334 train rows, 5568 validation rows
[16:33:23]   [1/3] Tree-count selection on December 2025
0:	learn: 0.3432437	test: 0.3717750	best: 0.3717750 (0)	total: 28.5ms	remaining: 22.8s
100:	learn: 0.0492535	test: 0.0875938	best: 0.0873865 (88)	total: 2.51s	remaining: 17.4s
Stopped by overfitting detector  (100 iterations wait)

bestTest = 0.08738654624
bestIteration = 88

Shrink model to first 89 iterations.
[16:33:27]   [2/3] Evaluation refit before January: 89 trees
0:	learn: 0.3440665	total: 29.1ms	remaining: 2.56s
88:	learn: 0.0522601	total: 2.34s	remaining: 0us
[16:33:30]   [3/3] Final offline refit through January 31
0:	learn: 0.3435947	total: 31.4ms	remaining: 2.76s
88:	learn: 0.0527900	total: 2.39s	remaining: 0us
[16:33:32]   January results:
 turbine_id                             model horizon    n      mae     rmse
          2                          catboost   1-48h 1440 0.312586 0.351561
          2           catboost_direct_missing   1-48h 1440 0.300536 0.343610
          2 catboost_weather_context_no_power   1-48h 1440 0.031501 0.066348
          2           catboost_weather_oracle   1-48h 1440 0.031305 0.066365
          2                      context_mean   1-48h 1440 0.294005 0.347376
          2                       persistence   1-48h 1440 0.331670 0.455394
[16:33:33] COMPLETE: 2 single-model production bundles; 19.1s
